// Vitest Snapshot v1, https://vitest.dev/guide/snapshot.html

exports[`CreationPage Renders > matches snapshot 1`] = `
{
  "asFragment": [Function],
  "baseElement": <body>
    <div>
      <div
        class="_CreationPage_3c6616"
      >
        <div
          class="_container_3c6616"
        >
          <h2
            class="_header_3c6616"
          >
            Article Page
          </h2>
          <div
            class="_tag_3c6616"
          >
            Create your new articles
          </div>
          <div
            class="form"
          >
            <form
              role="form"
            >
              <div
                class="_name__group_3c6616"
              >
                <div
                  class="input__group half"
                >
                  <label
                    for="first_name "
                  >
                    First name
                  </label>
                  <div
                    class="_input__cont_3c6616 _Input_98f327"
                  >
                    <input
                      data-testid="first_name"
                      name="first_name"
                      type="text"
                    />
                  </div>
                </div>
                <div
                  class="input__group half"
                >
                  <label
                    for="last_name "
                  >
                    Last name
                  </label>
                  <div
                    class="_input__cont_3c6616 _Input_98f327"
                  >
                    <input
                      data-testid="last_name"
                      name="last_name"
                      type="text"
                    />
                  </div>
                </div>
              </div>
              <div
                class="input__group"
              >
                <label
                  for="phone"
                >
                  Phone
                </label>
                <div
                  class="_input__cont_3c6616 _Input_98f327"
                >
                  <input
                    data-testid="phone"
                    name="phone"
                    type="tel"
                  />
                </div>
              </div>
              <div
                class="input__group"
              >
                <label
                  for="email"
                >
                  Email
                </label>
                <div
                  class="_input__cont_3c6616 _Input_98f327"
                >
                  <input
                    data-testid="email"
                    name="email"
                    type="email"
                  />
                </div>
              </div>
              <div
                class="input__group"
              >
                <label
                  for="address"
                >
                  Address
                </label>
                <div
                  class="_input__cont_3c6616 _Input_98f327"
                >
                  <input
                    data-testid="address"
                    name="address"
                    type="text"
                  />
                </div>
              </div>
              <div
                class="input__group"
              >
                <label
                  for="body"
                >
                  Body
                </label>
                <textarea
                  cols="60"
                  name="body"
                  required=""
                  role="textbox"
                  rows="12"
                />
              </div>
              <button
                data-testid="textarea"
              >
                Submit
              </button>
            </form>
          </div>
        </div>
      </div>
    </div>
  </body>,
  "container": <div>
    <div
      class="_CreationPage_3c6616"
    >
      <div
        class="_container_3c6616"
      >
        <h2
          class="_header_3c6616"
        >
          Article Page
        </h2>
        <div
          class="_tag_3c6616"
        >
          Create your new articles
        </div>
        <div
          class="form"
        >
          <form
            role="form"
          >
            <div
              class="_name__group_3c6616"
            >
              <div
                class="input__group half"
              >
                <label
                  for="first_name "
                >
                  First name
                </label>
                <div
                  class="_input__cont_3c6616 _Input_98f327"
                >
                  <input
                    data-testid="first_name"
                    name="first_name"
                    type="text"
                  />
                </div>
              </div>
              <div
                class="input__group half"
              >
                <label
                  for="last_name "
                >
                  Last name
                </label>
                <div
                  class="_input__cont_3c6616 _Input_98f327"
                >
                  <input
                    data-testid="last_name"
                    name="last_name"
                    type="text"
                  />
                </div>
              </div>
            </div>
            <div
              class="input__group"
            >
              <label
                for="phone"
              >
                Phone
              </label>
              <div
                class="_input__cont_3c6616 _Input_98f327"
              >
                <input
                  data-testid="phone"
                  name="phone"
                  type="tel"
                />
              </div>
            </div>
            <div
              class="input__group"
            >
              <label
                for="email"
              >
                Email
              </label>
              <div
                class="_input__cont_3c6616 _Input_98f327"
              >
                <input
                  data-testid="email"
                  name="email"
                  type="email"
                />
              </div>
            </div>
            <div
              class="input__group"
            >
              <label
                for="address"
              >
                Address
              </label>
              <div
                class="_input__cont_3c6616 _Input_98f327"
              >
                <input
                  data-testid="address"
                  name="address"
                  type="text"
                />
              </div>
            </div>
            <div
              class="input__group"
            >
              <label
                for="body"
              >
                Body
              </label>
              <textarea
                cols="60"
                name="body"
                required=""
                role="textbox"
                rows="12"
              />
            </div>
            <button
              data-testid="textarea"
            >
              Submit
            </button>
          </form>
        </div>
      </div>
    </div>
  </div>,
  "debug": [Function],
  "findAllByAltText": [Function],
  "findAllByDisplayValue": [Function],
  "findAllByLabelText": [Function],
  "findAllByPlaceholderText": [Function],
  "findAllByRole": [Function],
  "findAllByTestId": [Function],
  "findAllByText": [Function],
  "findAllByTitle": [Function],
  "findByAltText": [Function],
  "findByDisplayValue": [Function],
  "findByLabelText": [Function],
  "findByPlaceholderText": [Function],
  "findByRole": [Function],
  "findByTestId": [Function],
  "findByText": [Function],
  "findByTitle": [Function],
  "getAllByAltText": [Function],
  "getAllByDisplayValue": [Function],
  "getAllByLabelText": [Function],
  "getAllByPlaceholderText": [Function],
  "getAllByRole": [Function],
  "getAllByTestId": [Function],
  "getAllByText": [Function],
  "getAllByTitle": [Function],
  "getByAltText": [Function],
  "getByDisplayValue": [Function],
  "getByLabelText": [Function],
  "getByPlaceholderText": [Function],
  "getByRole": [Function],
  "getByTestId": [Function],
  "getByText": [Function],
  "getByTitle": [Function],
  "queryAllByAltText": [Function],
  "queryAllByDisplayValue": [Function],
  "queryAllByLabelText": [Function],
  "queryAllByPlaceholderText": [Function],
  "queryAllByRole": [Function],
  "queryAllByTestId": [Function],
  "queryAllByText": [Function],
  "queryAllByTitle": [Function],
  "queryByAltText": [Function],
  "queryByDisplayValue": [Function],
  "queryByLabelText": [Function],
  "queryByPlaceholderText": [Function],
  "queryByRole": [Function],
  "queryByTestId": [Function],
  "queryByText": [Function],
  "queryByTitle": [Function],
  "rerender": [Function],
  "unmount": [Function],
}
`;
